###############################################################################
#                                                                             #
# IAR ELF Linker V6.60.1.5097/W32 for ARM               26/Dec/2017  11:39:44 #
# Copyright 2007-2013 IAR Systems AB.                                         #
#                                                                             #
#    Output file  =  C:\Users\ncer\Desktop\ËÄÖá·ÉÐÐÆ÷\EWARM\aa\Exe\aa.out     #
#    Map file     =  C:\Users\ncer\Desktop\ËÄÖá·ÉÐÐÆ÷\EWARM\aa/List\aa.map    #
#    Command line =  C:\Users\ncer\Desktop\ËÄÖá·ÉÐÐÆ÷\EWARM\aa\Obj\adc.o      #
#                    C:\Users\ncer\Desktop\ËÄÖá·ÉÐÐÆ÷\EWARM\aa\Obj\angle.o    #
#                    C:\Users\ncer\Desktop\ËÄÖá·ÉÐÐÆ÷\EWARM\aa\Obj\base.o     #
#                    C:\Users\ncer\Desktop\ËÄÖá·ÉÐÐÆ÷\EWARM\aa\Obj\cmsis_os.o #
#                     C:\Users\ncer\Desktop\ËÄÖá·ÉÐÐÆ÷\EWARM\aa\Obj\command.o #
#                     C:\Users\ncer\Desktop\ËÄÖá·ÉÐÐÆ÷\EWARM\aa\Obj\croutine. #
#                    o C:\Users\ncer\Desktop\ËÄÖá·ÉÐÐÆ÷\EWARM\aa\Obj\event_gr #
#                    oups.o C:\Users\ncer\Desktop\ËÄÖá·ÉÐÐÆ÷\EWARM\aa\Obj\fre #
#                    ertos.o C:\Users\ncer\Desktop\ËÄÖá·ÉÐÐÆ÷\EWARM\aa\Obj\gp #
#                    io.o C:\Users\ncer\Desktop\ËÄÖá·ÉÐÐÆ÷\EWARM\aa\Obj\heap_ #
#                    4.o C:\Users\ncer\Desktop\ËÄÖá·ÉÐÐÆ÷\EWARM\aa\Obj\i2c.o  #
#                    C:\Users\ncer\Desktop\ËÄÖá·ÉÐÐÆ÷\EWARM\aa\Obj\list.o     #
#                    C:\Users\ncer\Desktop\ËÄÖá·ÉÐÐÆ÷\EWARM\aa\Obj\main.o     #
#                    C:\Users\ncer\Desktop\ËÄÖá·ÉÐÐÆ÷\EWARM\aa\Obj\mpu9250.o  #
#                    C:\Users\ncer\Desktop\ËÄÖá·ÉÐÐÆ÷\EWARM\aa\Obj\nrf24l01.o #
#                     C:\Users\ncer\Desktop\ËÄÖá·ÉÐÐÆ÷\EWARM\aa\Obj\outputdat #
#                    a.o C:\Users\ncer\Desktop\ËÄÖá·ÉÐÐÆ÷\EWARM\aa\Obj\port.o #
#                     C:\Users\ncer\Desktop\ËÄÖá·ÉÐÐÆ÷\EWARM\aa\Obj\portasm.o #
#                     C:\Users\ncer\Desktop\ËÄÖá·ÉÐÐÆ÷\EWARM\aa\Obj\queue.o   #
#                    C:\Users\ncer\Desktop\ËÄÖá·ÉÐÐÆ÷\EWARM\aa\Obj\spi.o      #
#                    C:\Users\ncer\Desktop\ËÄÖá·ÉÐÐÆ÷\EWARM\aa\Obj\startup_st #
#                    m32f405xx.o C:\Users\ncer\Desktop\ËÄÖá·ÉÐÐÆ÷\EWARM\aa\Ob #
#                    j\stm32f4xx_hal.o C:\Users\ncer\Desktop\ËÄÖá·ÉÐÐÆ÷\EWARM #
#                    \aa\Obj\stm32f4xx_hal_adc.o                              #
#                    C:\Users\ncer\Desktop\ËÄÖá·ÉÐÐÆ÷\EWARM\aa\Obj\stm32f4xx_ #
#                    hal_adc_ex.o C:\Users\ncer\Desktop\ËÄÖá·ÉÐÐÆ÷\EWARM\aa\O #
#                    bj\stm32f4xx_hal_cortex.o C:\Users\ncer\Desktop\ËÄÖá·ÉÐÐ #
#                    Æ÷\EWARM\aa\Obj\stm32f4xx_hal_dma.o                      #
#                    C:\Users\ncer\Desktop\ËÄÖá·ÉÐÐÆ÷\EWARM\aa\Obj\stm32f4xx_ #
#                    hal_dma_ex.o C:\Users\ncer\Desktop\ËÄÖá·ÉÐÐÆ÷\EWARM\aa\O #
#                    bj\stm32f4xx_hal_flash.o C:\Users\ncer\Desktop\ËÄÖá·ÉÐÐÆ #
#                    ÷\EWARM\aa\Obj\stm32f4xx_hal_flash_ex.o                  #
#                    C:\Users\ncer\Desktop\ËÄÖá·ÉÐÐÆ÷\EWARM\aa\Obj\stm32f4xx_ #
#                    hal_flash_ramfunc.o C:\Users\ncer\Desktop\ËÄÖá·ÉÐÐÆ÷\EWA #
#                    RM\aa\Obj\stm32f4xx_hal_gpio.o                           #
#                    C:\Users\ncer\Desktop\ËÄÖá·ÉÐÐÆ÷\EWARM\aa\Obj\stm32f4xx_ #
#                    hal_i2c.o C:\Users\ncer\Desktop\ËÄÖá·ÉÐÐÆ÷\EWARM\aa\Obj\ #
#                    stm32f4xx_hal_i2c_ex.o C:\Users\ncer\Desktop\ËÄÖá·ÉÐÐÆ÷\ #
#                    EWARM\aa\Obj\stm32f4xx_hal_msp.o                         #
#                    C:\Users\ncer\Desktop\ËÄÖá·ÉÐÐÆ÷\EWARM\aa\Obj\stm32f4xx_ #
#                    hal_pwr.o C:\Users\ncer\Desktop\ËÄÖá·ÉÐÐÆ÷\EWARM\aa\Obj\ #
#                    stm32f4xx_hal_pwr_ex.o C:\Users\ncer\Desktop\ËÄÖá·ÉÐÐÆ÷\ #
#                    EWARM\aa\Obj\stm32f4xx_hal_rcc.o                         #
#                    C:\Users\ncer\Desktop\ËÄÖá·ÉÐÐÆ÷\EWARM\aa\Obj\stm32f4xx_ #
#                    hal_rcc_ex.o C:\Users\ncer\Desktop\ËÄÖá·ÉÐÐÆ÷\EWARM\aa\O #
#                    bj\stm32f4xx_hal_spi.o C:\Users\ncer\Desktop\ËÄÖá·ÉÐÐÆ÷\ #
#                    EWARM\aa\Obj\stm32f4xx_hal_tim.o                         #
#                    C:\Users\ncer\Desktop\ËÄÖá·ÉÐÐÆ÷\EWARM\aa\Obj\stm32f4xx_ #
#                    hal_tim_ex.o C:\Users\ncer\Desktop\ËÄÖá·ÉÐÐÆ÷\EWARM\aa\O #
#                    bj\stm32f4xx_hal_timebase_TIM.o                          #
#                    C:\Users\ncer\Desktop\ËÄÖá·ÉÐÐÆ÷\EWARM\aa\Obj\stm32f4xx_ #
#                    hal_uart.o C:\Users\ncer\Desktop\ËÄÖá·ÉÐÐÆ÷\EWARM\aa\Obj #
#                    \stm32f4xx_it.o C:\Users\ncer\Desktop\ËÄÖá·ÉÐÐÆ÷\EWARM\a #
#                    a\Obj\system_stm32f4xx.o C:\Users\ncer\Desktop\ËÄÖá·ÉÐÐÆ #
#                    ÷\EWARM\aa\Obj\tasks.o C:\Users\ncer\Desktop\ËÄÖá·ÉÐÐÆ÷\ #
#                    EWARM\aa\Obj\tim.o C:\Users\ncer\Desktop\ËÄÖá·ÉÐÐÆ÷\EWAR #
#                    M\aa\Obj\timers.o C:\Users\ncer\Desktop\ËÄÖá·ÉÐÐÆ÷\EWARM #
#                    \aa\Obj\usart.o --redirect _Printf=_PrintfFull           #
#                    --redirect _Scanf=_ScanfFull -o                          #
#                    C:\Users\ncer\Desktop\ËÄÖá·ÉÐÐÆ÷\EWARM\aa\Exe\aa.out     #
#                    --map C:\Users\ncer\Desktop\ËÄÖá·ÉÐÐÆ÷\EWARM\aa/List\aa. #
#                    map --config C:\Users\ncer\Desktop\ËÄÖá·ÉÐÐÆ÷\EWARM/stm3 #
#                    2f405xx_flash.icf --semihosting --entry                  #
#                    __iar_program_start "D:\Program Files (x86)\IAR          #
#                    Systems\Embedded Workbench 6.5\arm\CMSIS\Lib\IAR\iar_cor #
#                    texM4lf_math.a" --vfe                                    #
#                                                                             #
#                                                                             #
###############################################################################

*******************************************************************************
*** RUNTIME MODEL ATTRIBUTES
***

CppFlavor                     = *
__Heap_Handler                = DLMalloc
__SystemLibrary               = DLib
__dlib_dynamic_initialization = normal


*******************************************************************************
*** PLACEMENT SUMMARY
***

"A1":  place at 0x08000000 { ro section .intvec };
"P1":  place in [from 0x08000000 to 0x080fffff] { ro };
"P2":  place in [from 0x20000000 to 0x2001ffff] { rw, block CSTACK, block HEAP };

  Section             Kind        Address    Size  Object
  -------             ----        -------    ----  ------
"A1":                                       0x188
  .intvec             ro code  0x08000000   0x188  startup_stm32f405xx.o [1]
                             - 0x08000188   0x188

"P1":                                      0x8e50
  .text               ro code  0x08000188  0x14b4  dlmalloc.o [3]
  .text               ro code  0x0800163c     0x6  abort.o [3]
  .text               ro code  0x08001642    0x22  zero_init3.o [5]
  .text               ro code  0x08001664    0x2c  xgetmemchunk.o [3]
  .text               ro code  0x08001690    0x14  exit.o [6]
  .text               ro code  0x080016a4  0x116e  xprintffull.o [3]
  .text               ro code  0x08002812    0x20  xmbtowc.o [3]
  .text               ro code  0x08002832    0x1a  xsnprout.o [3]
  .text               ro code  0x0800284c    0x16  strchr.o [5]
  .text               ro code  0x08002864    0x36  strlen.o [5]
  .text               ro code  0x0800289c    0x58  memchr.o [5]
  .text               ro code  0x080028f4     0xa  xmbcurmax.o [3]
  .text               ro code  0x080028fe    0x1a  xwctomb.o [3]
  .text               ro code  0x08002918    0x76  ABImemcpy_unaligned.o [5]
  .text               ro code  0x08002990    0xee  I64DivMod.o [5]
  .text               ro code  0x08002a80   0x1a2  DblMul.o [4]
  .text               ro code  0x08002c22    0x42  xdnorm.o [4]
  .text               ro code  0x08002c64    0x2e  DblCmpLe.o [4]
  .text               ro code  0x08002c94    0x2e  DblCmpGe.o [4]
  .text               ro code  0x08002cc4   0x114  xdscale.o [4]
  .text               ro code  0x08002dd8    0x58  DblToI32.o [4]
  .text               ro code  0x08002e30    0x30  I32ToDbl.o [4]
  .text               ro code  0x08002e60   0x180  DblSub.o [4]
  .text               ro code  0x08002fe0   0x246  DblDiv.o [4]
  .text               ro code  0x08003228    0x6c  localeconv.o [3]
  .text               ro code  0x08003294     0xe  div.o [3]
  .text               ro code  0x080032a4    0x24  setlocale.o [3]
  .text               ro code  0x080032c8    0x60  xencoding_sb.o [3]
  .text               ro code  0x08003328     0x2  I64DivZer.o [5]
  .text               ro code  0x0800332c    0xe8  DblAdd.o [4]
  .text               ro code  0x08003414     0x2  xtls.o [3]
  .text               ro code  0x08003418   0xffc  stm32f4xx_hal_i2c.o [1]
  .text               ro code  0x08004414   0x16c  i2c.o [1]
  .text               ro code  0x08004580   0x498  stm32f4xx_hal_rcc.o [1]
  .text               ro code  0x08004a18    0x68  stm32f4xx_hal.o [1]
  .text               ro code  0x08004a80    0x24  stm32f4xx_hal_dma.o [1]
  .text               ro code  0x08004aa4   0x112  main.o [1]
  .text               ro code  0x08004bb8   0x2d8  stm32f4xx_hal_gpio.o [1]
  .text               ro code  0x08004e90    0xf4  stm32f4xx_hal_cortex.o [1]
  .text               ro code  0x08004f84    0x7c  stm32f4xx_hal_timebase_TIM.o [1]
  .text               ro code  0x08005000    0x60  stm32f4xx_hal_msp.o [1]
  .text               ro code  0x08005060    0x88  gpio.o [1]
  .text               ro code  0x080050e8   0x1e8  usart.o [1]
  .text               ro code  0x080052d0    0xe0  spi.o [1]
  .text               ro code  0x080053b0    0xe4  adc.o [1]
  .text               ro code  0x08005494   0x144  tim.o [1]
  .text               ro code  0x080055d8   0x21c  mpu9250.o [1]
  .text               ro code  0x080057f4   0x264  nrf24l01.o [1]
  .text               ro code  0x08005a58   0x158  command.o [1]
  .text               ro code  0x08005bb0   0x140  freertos.o [1]
  .text               ro code  0x08005cf0    0x74  cmsis_os.o [1]
  .text               ro code  0x08005d64   0x494  stm32f4xx_hal_tim.o [1]
  .text               ro code  0x080061f8   0x590  stm32f4xx_hal_uart.o [1]
  .text               ro code  0x08006788    0x3c  vsnprint.o [3]
  .text               ro code  0x080067c4   0x6b8  tasks.o [1]
  .text               ro code  0x08006e7c   0x304  stm32f4xx_hal_spi.o [1]
  .text               ro code  0x08007180   0x288  stm32f4xx_hal_adc.o [1]
  .text               ro code  0x08007408    0x5a  stm32f4xx_hal_tim_ex.o [1]
  .text               ro code  0x08007462    0x1a  mpu9250.o [1]
  .text               ro code  0x0800747c   0x172  xstod.o [4]
  .text               ro code  0x080075f0    0x90  DblToFlt.o [4]
  .text               ro code  0x08007680   0x354  angle.o [1]
  .text               ro code  0x080079d4   0x1ec  port.o [1]
  .text               ro code  0x08007bc0   0x1b0  heap_4.o [1]
  .text               ro code  0x08007d70    0x8e  list.o [1]
  .text               ro code  0x08007dfe   0x134  xstopfx.o [3]
  .text               ro code  0x08007f34   0x1bc  xstoflt.o [3]
  .text               ro code  0x080080f0   0x200  xdtento.o [4]
  .text               ro code  0x080082f0   0x208  xstoxflt.o [3]
  .text               ro code  0x080084f8    0x4e  FltToDbl.o [4]
  .text               ro code  0x08008548   0x130  asin.o [4]
  .text               ro code  0x08008678    0xf4  atan2.o [4]
  CODE                ro code  0x0800876c    0xa8  portasm.o [1]
  .text               ro code  0x08008814    0x28  isxxx.o [3]
  .text               ro code  0x0800883c    0x20  DblCmpEq.o [4]
  .text               ro code  0x0800885c    0x56  xdunscal.o [4]
  .text               ro code  0x080088b4     0xc  errno.o [3]
  .text               ro code  0x080088c0    0xf0  sqrt.o [4]
  .text               ro code  0x080089b0   0x1f0  xatan.o [4]
  .text               ro code  0x08008ba0    0x40  xdtest.o [4]
  .text               ro code  0x08008be0    0x16  xlocale_c.o [3]
  .text               ro code  0x08008bf6    0x14  xlocale_c.o [3]
  .text               ro code  0x08008c0c     0xc  iarEdom.o [5]
  .text               ro code  0x08008c18    0xd4  packbits_init.o [5]
  .text               ro code  0x08008cec    0x60  system_stm32f4xx.o [1]
  .text               ro code  0x08008d4c    0x38  stm32f4xx_it.o [1]
  .rodata             const    0x08008d84    0x28  freertos.o [1]
  .text               ro code  0x08008dac    0x28  data_init.o [5]
  .iar.init_table     const    0x08008dd4    0x2c  - Linker created -
  .text               ro code  0x08008e00    0x1a  fpinit_M.o [4]
  .text               ro code  0x08008e1c    0x1a  cmain.o [5]
  .text               ro code  0x08008e36     0x4  low_level_init.o [3]
  .text               ro code  0x08008e3a     0x4  exit.o [3]
  .text               ro code  0x08008e40     0xa  cexit.o [5]
  .text               ro code  0x08008e4c    0x10  startup_stm32f405xx.o [1]
  .text               ro code  0x08008e5c     0xc  cstartup_M.o [5]
  .rodata             const    0x08008e68     0x8  system_stm32f4xx.o [1]
  .text               ro code  0x08008e70     0x4  startup_stm32f405xx.o [1]
  .text               ro code  0x08008e74     0x4  startup_stm32f405xx.o [1]
  .text               ro code  0x08008e78     0x4  startup_stm32f405xx.o [1]
  .text               ro code  0x08008e7c     0x4  startup_stm32f405xx.o [1]
  .text               ro code  0x08008e80     0x4  startup_stm32f405xx.o [1]
  .text               ro code  0x08008e84     0x4  startup_stm32f405xx.o [1]
  .text               ro code  0x08008e88     0x4  startup_stm32f405xx.o [1]
  .text               ro code  0x08008e8c     0x4  startup_stm32f405xx.o [1]
  .text               ro code  0x08008e90     0x4  startup_stm32f405xx.o [1]
  .text               ro code  0x08008e94     0x4  startup_stm32f405xx.o [1]
  .text               ro code  0x08008e98     0x4  startup_stm32f405xx.o [1]
  .text               ro code  0x08008e9c     0x4  startup_stm32f405xx.o [1]
  .text               ro code  0x08008ea0     0x4  startup_stm32f405xx.o [1]
  .text               ro code  0x08008ea4     0x4  startup_stm32f405xx.o [1]
  .text               ro code  0x08008ea8     0x4  startup_stm32f405xx.o [1]
  .text               ro code  0x08008eac     0x4  startup_stm32f405xx.o [1]
  .text               ro code  0x08008eb0     0x4  startup_stm32f405xx.o [1]
  .text               ro code  0x08008eb4     0x4  startup_stm32f405xx.o [1]
  .text               ro code  0x08008eb8     0x4  startup_stm32f405xx.o [1]
  .text               ro code  0x08008ebc     0x4  startup_stm32f405xx.o [1]
  .text               ro code  0x08008ec0     0x4  startup_stm32f405xx.o [1]
  .text               ro code  0x08008ec4     0x4  startup_stm32f405xx.o [1]
  .text               ro code  0x08008ec8     0x4  startup_stm32f405xx.o [1]
  .text               ro code  0x08008ecc     0x4  startup_stm32f405xx.o [1]
  .text               ro code  0x08008ed0     0x4  startup_stm32f405xx.o [1]
  .text               ro code  0x08008ed4     0x4  startup_stm32f405xx.o [1]
  .text               ro code  0x08008ed8     0x4  startup_stm32f405xx.o [1]
  .text               ro code  0x08008edc     0x4  startup_stm32f405xx.o [1]
  .text               ro code  0x08008ee0     0x4  startup_stm32f405xx.o [1]
  .text               ro code  0x08008ee4     0x4  startup_stm32f405xx.o [1]
  .text               ro code  0x08008ee8     0x4  startup_stm32f405xx.o [1]
  .text               ro code  0x08008eec     0x4  startup_stm32f405xx.o [1]
  .text               ro code  0x08008ef0     0x4  startup_stm32f405xx.o [1]
  .text               ro code  0x08008ef4     0x4  startup_stm32f405xx.o [1]
  .text               ro code  0x08008ef8     0x4  startup_stm32f405xx.o [1]
  .text               ro code  0x08008efc     0x4  startup_stm32f405xx.o [1]
  .text               ro code  0x08008f00     0x4  startup_stm32f405xx.o [1]
  .text               ro code  0x08008f04     0x4  startup_stm32f405xx.o [1]
  .text               ro code  0x08008f08     0x4  startup_stm32f405xx.o [1]
  .text               ro code  0x08008f0c     0x4  startup_stm32f405xx.o [1]
  .text               ro code  0x08008f10     0x4  startup_stm32f405xx.o [1]
  .text               ro code  0x08008f14     0x4  startup_stm32f405xx.o [1]
  .text               ro code  0x08008f18     0x4  startup_stm32f405xx.o [1]
  .text               ro code  0x08008f1c     0x4  startup_stm32f405xx.o [1]
  .text               ro code  0x08008f20     0x4  startup_stm32f405xx.o [1]
  .text               ro code  0x08008f24     0x4  startup_stm32f405xx.o [1]
  .text               ro code  0x08008f28     0x4  startup_stm32f405xx.o [1]
  .text               ro code  0x08008f2c     0x4  startup_stm32f405xx.o [1]
  .text               ro code  0x08008f30     0x4  startup_stm32f405xx.o [1]
  .text               ro code  0x08008f34     0x4  startup_stm32f405xx.o [1]
  .text               ro code  0x08008f38     0x4  startup_stm32f405xx.o [1]
  .text               ro code  0x08008f3c     0x4  startup_stm32f405xx.o [1]
  .text               ro code  0x08008f40     0x4  startup_stm32f405xx.o [1]
  .text               ro code  0x08008f44     0x4  startup_stm32f405xx.o [1]
  .text               ro code  0x08008f48     0x4  startup_stm32f405xx.o [1]
  .text               ro code  0x08008f4c     0x4  startup_stm32f405xx.o [1]
  .text               ro code  0x08008f50     0x4  startup_stm32f405xx.o [1]
  .text               ro code  0x08008f54     0x4  startup_stm32f405xx.o [1]
  .text               ro code  0x08008f58     0x4  startup_stm32f405xx.o [1]
  .text               ro code  0x08008f5c     0x4  startup_stm32f405xx.o [1]
  .text               ro code  0x08008f60     0x4  startup_stm32f405xx.o [1]
  .text               ro code  0x08008f64     0x4  startup_stm32f405xx.o [1]
  .text               ro code  0x08008f68     0x4  startup_stm32f405xx.o [1]
  .text               ro code  0x08008f6c     0x4  startup_stm32f405xx.o [1]
  .text               ro code  0x08008f70     0x4  startup_stm32f405xx.o [1]
  .text               ro code  0x08008f74     0x4  startup_stm32f405xx.o [1]
  .text               ro code  0x08008f78     0x4  startup_stm32f405xx.o [1]
  .text               ro code  0x08008f7c     0x4  startup_stm32f405xx.o [1]
  .text               ro code  0x08008f80     0x4  startup_stm32f405xx.o [1]
  .text               ro code  0x08008f84     0x4  startup_stm32f405xx.o [1]
  .text               ro code  0x08008f88     0x4  startup_stm32f405xx.o [1]
  .text               ro code  0x08008f8c     0x4  startup_stm32f405xx.o [1]
  .text               ro code  0x08008f90     0x4  startup_stm32f405xx.o [1]
  .text               ro code  0x08008f94     0x4  startup_stm32f405xx.o [1]
  .rodata             const    0x08008f98     0x0  zero_init3.o [5]
  .rodata             const    0x08008f98     0x0  packbits_init.o [5]
  Initializer bytes   ro data  0x08008f98    0x3f  <for P2 s0>
                             - 0x08008fd7  0x8e4f

"P2", part 1 of 3:                          0x16c
  P2 s0                        0x20000000   0x16c  <Init block>
    __DLIB_PERTHREAD  inited   0x20000000    0x88  localeconv.o [3]
    __DLIB_PERTHREAD  inited   0x20000088    0x74  setlocale.o [3]
    .data             inited   0x200000fc    0x34  angle.o [1]
    .data             inited   0x20000130    0x28  nrf24l01.o [1]
    .data             inited   0x20000158     0xc  port.o [1]
    .data             inited   0x20000164     0x4  system_stm32f4xx.o [1]
    __DLIB_PERTHREAD  inited   0x20000168     0x4  errno.o [3]
                             - 0x2000016c   0x16c

"P2", part 2 of 3:                         0x42b4
  .bss                zero     0x2000016c  0x3c18  heap_4.o [1]
  .bss                zero     0x20003d84   0x1d8  dlmalloc.o [3]
  .bss                zero     0x20003f5c    0xc4  usart.o [1]
  .bss                zero     0x20004020    0xa4  command.o [1]
  .bss                zero     0x200040c4    0xa0  tasks.o [1]
  .bss                zero     0x20004164    0x8c  tasks.o [1]
  .bss                zero     0x200041f0    0x58  spi.o [1]
  .bss                zero     0x20004248    0x54  i2c.o [1]
  .bss                zero     0x2000429c    0x48  adc.o [1]
  .bss                zero     0x200042e4    0x40  usart.o [1]
  .bss                zero     0x20004324    0x3c  stm32f4xx_hal_timebase_TIM.o [1]
  .bss                zero     0x20004360    0x3c  tim.o [1]
  .bss                zero     0x2000439c    0x20  nrf24l01.o [1]
  .bss                zero     0x200043bc    0x1c  mpu9250.o [1]
  .bss                zero     0x200043d8    0x18  dlmalloc.o [3]
  .bss                zero     0x200043f0     0xc  freertos.o [1]
  .bss                zero     0x200043fc     0xc  mpu9250.o [1]
  .bss                zero     0x20004408     0xa  nrf24l01.o [1]
  .bss                zero     0x20004414     0x4  stm32f4xx_hal.o [1]
  .bss                zero     0x20004418     0x4  xgetmemchunk.o [3]
                             - 0x2000441c  0x42b0

"P2", part 3 of 3:                          0x600
  CSTACK                       0x20004420   0x400  <Block>
    CSTACK            uninit   0x20004420   0x400  <Block tail>
  HEAP                         0x20004820   0x200  <Block>
    HEAP              uninit   0x20004820   0x200  <Block tail>
                             - 0x20004a20   0x600


*******************************************************************************
*** INIT TABLE
***

          Address     Size
          -------     ----
Zero (__iar_zero_init3)
    1 destination range, total size 0x42b0:
          0x2000016c  0x42b0

Copy/packbits (__iar_packbits_init3)
    1 source range, total size 0x3f (17% of destination):
          0x08008f98    0x3f
    1 destination range, total size 0x16c:
          0x20000000   0x16c



*******************************************************************************
*** MODULE SUMMARY
***

    Module                        ro code  ro data  rw data
    ------                        -------  -------  -------
C:\Users\ncer\Desktop\ËÄÖá·ÉÐÐÆ÷\EWARM\aa\Obj: [1]
    adc.o                             228                72
    angle.o                           852        9       52
    cmsis_os.o                        116
    command.o                         344               164
    freertos.o                        320       40       12
    gpio.o                            136
    heap_4.o                          432            15 384
    i2c.o                             364                84
    list.o                            142
    main.o                            274
    mpu9250.o                         566                40
    nrf24l01.o                        612        7       82
    port.o                            492        2       12
    portasm.o                         168
    spi.o                             224                88
    startup_stm32f405xx.o             704
    stm32f4xx_hal.o                   104                 4
    stm32f4xx_hal_adc.o               648
    stm32f4xx_hal_cortex.o            244
    stm32f4xx_hal_dma.o                36
    stm32f4xx_hal_gpio.o              728
    stm32f4xx_hal_i2c.o             4 092
    stm32f4xx_hal_msp.o                96
    stm32f4xx_hal_rcc.o             1 176
    stm32f4xx_hal_spi.o               772
    stm32f4xx_hal_tim.o             1 172
    stm32f4xx_hal_tim_ex.o             90
    stm32f4xx_hal_timebase_TIM.o      124                60
    stm32f4xx_hal_uart.o            1 424
    stm32f4xx_it.o                     56
    system_stm32f4xx.o                 96        9        4
    tasks.o                         1 720               300
    tim.o                             324                60
    usart.o                           488               260
    -------------------------------------------------------
    Total:                         19 364       67   16 678

command line: [2]
    -------------------------------------------------------
    Total:

dl7M_tlf.a: [3]
    abort.o                             6
    div.o                              14
    dlmalloc.o                      5 300               496
    errno.o                            12        1        4
    exit.o                              4
    isxxx.o                            40
    localeconv.o                      108       23      136
    low_level_init.o                    4
    setlocale.o                        36       20      116
    vsnprint.o                         60
    xencoding_sb.o                     96
    xgetmemchunk.o                     44                 4
    xlocale_c.o                        42
    xmbcurmax.o                        10
    xmbtowc.o                          32
    xprintffull.o                   4 462
    xsnprout.o                         26
    xstoflt.o                         444
    xstopfx.o                         308
    xstoxflt.o                        520
    xtls.o                              2
    xwctomb.o                          26
    -------------------------------------------------------
    Total:                         11 596       44      756

m7M_tlv.a: [4]
    DblAdd.o                          232
    DblCmpEq.o                         32
    DblCmpGe.o                         46
    DblCmpLe.o                         46
    DblDiv.o                          582
    DblMul.o                          418
    DblSub.o                          384
    DblToFlt.o                        144
    DblToI32.o                         88
    FltToDbl.o                         78
    I32ToDbl.o                         48
    asin.o                            304
    atan2.o                           244
    fpinit_M.o                         26
    sqrt.o                            240
    xatan.o                           496
    xdnorm.o                           66
    xdscale.o                         276
    xdtento.o                         512
    xdtest.o                           64
    xdunscal.o                         86
    xstod.o                           370
    -------------------------------------------------------
    Total:                          4 782

rt7M_tl.a: [5]
    ABImemcpy_unaligned.o             118
    I64DivMod.o                       238
    I64DivZer.o                         2
    cexit.o                            10
    cmain.o                            26
    cstartup_M.o                       12
    data_init.o                        40
    iarEdom.o                          12
    memchr.o                           88
    packbits_init.o                   212
    strchr.o                           22
    strlen.o                           54
    zero_init3.o                       34
    -------------------------------------------------------
    Total:                            868

shb_l.a: [6]
    exit.o                             20
    -------------------------------------------------------
    Total:                             20

    Gaps                               38                 2
    Linker created                              44    1 536
-----------------------------------------------------------
    Grand Total:                   36 668      155   18 972


*******************************************************************************
*** ENTRY LIST
***

Entry                      Address    Size  Type      Object
-----                      -------    ----  ----      ------
?main                   0x08008e1d          Code  Gb  cmain.o [5]
ADC_Init                0x0800730d    0xe8  Code  Lc  stm32f4xx_hal_adc.o [1]
AHBPrescTable           0x08008d3c    0x10  Data  Gb  system_stm32f4xx.o [1]
APBPrescTable           0x08008e68     0x8  Data  Gb  system_stm32f4xx.o [1]
AnalizeUsartTaskHandle  0x200043f8     0x4  Data  Gb  freertos.o [1]
BusFault_Handler        0x08008d53     0x2  Code  Gb  stm32f4xx_it.o [1]
CMD                     0x20004020    0xa4  Data  Gb  command.o [1]
CSTACK$$Base            0x20004420           --   Gb  - Linker created -
CSTACK$$Limit           0x20004820           --   Gb  - Linker created -
DebugMon_Handler        0x08008d57     0x2  Code  Gb  stm32f4xx_it.o [1]
Get_Attitude_Data       0x080076a1    0x1a  Code  Gb  angle.o [1]
HAL_ADC_ConfigChannel   0x080071d5   0x138  Code  Gb  stm32f4xx_hal_adc.o [1]
HAL_ADC_Init            0x08007181    0x54  Code  Gb  stm32f4xx_hal_adc.o [1]
HAL_ADC_MspInit         0x08005417    0x3e  Code  Gb  adc.o [1]
HAL_DMA_Abort_IT        0x08004a81    0x24  Code  Gb  stm32f4xx_hal_dma.o [1]
HAL_Delay               0x08004a59    0x1e  Code  Wk  stm32f4xx_hal.o [1]
HAL_GPIO_DeInit         0x08004d59   0x104  Code  Gb  stm32f4xx_hal_gpio.o [1]
HAL_GPIO_Init           0x08004bb9   0x1a0  Code  Gb  stm32f4xx_hal_gpio.o [1]
HAL_GPIO_WritePin       0x08004e5d     0x8  Code  Gb  stm32f4xx_hal_gpio.o [1]
HAL_GetTick             0x08004a53     0x6  Code  Wk  stm32f4xx_hal.o [1]
HAL_I2C_AbortCpltCallback
                        0x08003a79     0x2  Code  Wk  stm32f4xx_hal_i2c.o [1]
HAL_I2C_AddrCallback    0x08003a6f     0x2  Code  Wk  stm32f4xx_hal_i2c.o [1]
HAL_I2C_EV_IRQHandler   0x08003847   0x208  Code  Gb  stm32f4xx_hal_i2c.o [1]
HAL_I2C_ErrorCallback   0x08003a77     0x2  Code  Wk  stm32f4xx_hal_i2c.o [1]
HAL_I2C_Init            0x08003419    0xc8  Code  Gb  stm32f4xx_hal_i2c.o [1]
HAL_I2C_ListenCpltCallback
                        0x08003a71     0x2  Code  Wk  stm32f4xx_hal_i2c.o [1]
HAL_I2C_MasterRxCpltCallback
                        0x08003a69     0x2  Code  Wk  stm32f4xx_hal_i2c.o [1]
HAL_I2C_MasterTxCpltCallback
                        0x08003a67     0x2  Code  Wk  stm32f4xx_hal_i2c.o [1]
HAL_I2C_Master_Receive  0x080035cd   0x196  Code  Gb  stm32f4xx_hal_i2c.o [1]
HAL_I2C_Master_Transmit
                        0x080034f3    0xda  Code  Gb  stm32f4xx_hal_i2c.o [1]
HAL_I2C_MemRxCpltCallback
                        0x08003a75     0x2  Code  Wk  stm32f4xx_hal_i2c.o [1]
HAL_I2C_MemTxCpltCallback
                        0x08003a73     0x2  Code  Wk  stm32f4xx_hal_i2c.o [1]
HAL_I2C_MspDeInit       0x08004509    0x34  Code  Gb  i2c.o [1]
HAL_I2C_MspInit         0x0800444d    0xac  Code  Gb  i2c.o [1]
HAL_I2C_SlaveRxCpltCallback
                        0x08003a6d     0x2  Code  Wk  stm32f4xx_hal_i2c.o [1]
HAL_I2C_SlaveTxCpltCallback
                        0x08003a6b     0x2  Code  Wk  stm32f4xx_hal_i2c.o [1]
HAL_IncTick             0x08004a49     0xa  Code  Wk  stm32f4xx_hal.o [1]
HAL_Init                0x08004a19    0x30  Code  Gb  stm32f4xx_hal.o [1]
HAL_InitTick            0x08004f85    0x6c  Code  Gb  stm32f4xx_hal_timebase_TIM.o [1]
HAL_MspInit             0x08005001    0x60  Code  Gb  stm32f4xx_hal_msp.o [1]
HAL_NVIC_DisableIRQ     0x08004f17     0x4  Code  Gb  stm32f4xx_hal_cortex.o [1]
HAL_NVIC_EnableIRQ      0x08004f11     0x6  Code  Gb  stm32f4xx_hal_cortex.o [1]
HAL_NVIC_SetPriority    0x08004ecf    0x42  Code  Gb  stm32f4xx_hal_cortex.o [1]
HAL_NVIC_SetPriorityGrouping
                        0x08004eb5    0x1a  Code  Gb  stm32f4xx_hal_cortex.o [1]
HAL_RCC_ClockConfig     0x0800480b   0x13a  Code  Gb  stm32f4xx_hal_rcc.o [1]
HAL_RCC_GetClockConfig  0x080049b5    0x34  Code  Gb  stm32f4xx_hal_rcc.o [1]
HAL_RCC_GetHCLKFreq     0x0800498b     0x6  Code  Gb  stm32f4xx_hal_rcc.o [1]
HAL_RCC_GetPCLK1Freq    0x08004991    0x10  Code  Gb  stm32f4xx_hal_rcc.o [1]
HAL_RCC_GetPCLK2Freq    0x080049a1     0xe  Code  Gb  stm32f4xx_hal_rcc.o [1]
HAL_RCC_GetSysClockFreq
                        0x08004945    0x46  Code  Wk  stm32f4xx_hal_rcc.o [1]
HAL_RCC_OscConfig       0x08004581   0x282  Code  Wk  stm32f4xx_hal_rcc.o [1]
HAL_SPI_Init            0x08006e7d    0x7a  Code  Gb  stm32f4xx_hal_spi.o [1]
HAL_SPI_MspInit         0x08005313    0x4c  Code  Gb  spi.o [1]
HAL_SPI_TransmitReceive
                        0x08006ef7   0x1b6  Code  Gb  stm32f4xx_hal_spi.o [1]
HAL_SYSTICK_CLKSourceConfig
                        0x08004f53    0x14  Code  Gb  stm32f4xx_hal_cortex.o [1]
HAL_SYSTICK_Config      0x08004f2b    0x28  Code  Gb  stm32f4xx_hal_cortex.o [1]
HAL_TIMEx_BreakCallback
                        0x08007461     0x2  Code  Wk  stm32f4xx_hal_tim_ex.o [1]
HAL_TIMEx_CommutationCallback
                        0x0800745f     0x2  Code  Wk  stm32f4xx_hal_tim_ex.o [1]
HAL_TIMEx_MasterConfigSynchronization
                        0x08007415    0x4a  Code  Gb  stm32f4xx_hal_tim_ex.o [1]
HAL_TIM_Base_Init       0x08005d65    0x1a  Code  Gb  stm32f4xx_hal_tim.o [1]
HAL_TIM_Base_MspInit    0x08005d7f     0x2  Code  Wk  stm32f4xx_hal_tim.o [1]
HAL_TIM_Base_Start_IT   0x08005d81    0x16  Code  Gb  stm32f4xx_hal_tim.o [1]
HAL_TIM_IC_CaptureCallback
                        0x08005fef     0x2  Code  Wk  stm32f4xx_hal_tim.o [1]
HAL_TIM_IRQHandler      0x08005dd1   0x14a  Code  Gb  stm32f4xx_hal_tim.o [1]
HAL_TIM_MspPostInit     0x08005559    0x2a  Code  Gb  tim.o [1]
HAL_TIM_OC_DelayElapsedCallback
                        0x08005fed     0x2  Code  Wk  stm32f4xx_hal_tim.o [1]
HAL_TIM_PWM_ConfigChannel
                        0x08005f1b    0xd2  Code  Gb  stm32f4xx_hal_tim.o [1]
HAL_TIM_PWM_Init        0x08005daf    0x1a  Code  Gb  stm32f4xx_hal_tim.o [1]
HAL_TIM_PWM_MspInit     0x08005533    0x26  Code  Gb  tim.o [1]
HAL_TIM_PWM_PulseFinishedCallback
                        0x08005ff1     0x2  Code  Wk  stm32f4xx_hal_tim.o [1]
HAL_TIM_PeriodElapsedCallback
                        0x08004b91     0xe  Code  Gb  main.o [1]
HAL_TIM_TriggerCallback
                        0x08005ff3     0x2  Code  Wk  stm32f4xx_hal_tim.o [1]
HAL_UART_ErrorCallback  0x080064cf     0x2  Code  Wk  stm32f4xx_hal_uart.o [1]
HAL_UART_IRQHandler     0x08006385   0x148  Code  Gb  stm32f4xx_hal_uart.o [1]
HAL_UART_Init           0x080061f9    0x30  Code  Gb  stm32f4xx_hal_uart.o [1]
HAL_UART_MspInit        0x08005153    0x96  Code  Gb  usart.o [1]
HAL_UART_Receive_IT     0x08006323    0x50  Code  Gb  stm32f4xx_hal_uart.o [1]
HAL_UART_RxCpltCallback
                        0x08005225    0x54  Code  Gb  usart.o [1]
HAL_UART_Transmit       0x08006265    0xa8  Code  Gb  stm32f4xx_hal_uart.o [1]
HAL_UART_TxCpltCallback
                        0x080064cd     0x2  Code  Wk  stm32f4xx_hal_uart.o [1]
HEAP$$Base              0x20004820           --   Gb  - Linker created -
HEAP$$Limit             0x20004a20           --   Gb  - Linker created -
HardFault_Handler       0x08008d4f     0x2  Code  Gb  stm32f4xx_it.o [1]
I2C3_EV_IRQHandler      0x08008d6f     0x6  Code  Gb  stm32f4xx_it.o [1]
I2C_DMAAbort            0x080041d9    0x34  Code  Lc  stm32f4xx_hal_i2c.o [1]
I2C_ITError             0x08003f4d    0xe2  Code  Lc  stm32f4xx_hal_i2c.o [1]
I2C_IsAcknowledgeFailed
                        0x080043eb    0x2a  Code  Lc  stm32f4xx_hal_i2c.o [1]
I2C_MasterReceive_BTF   0x08003c75    0x9e  Code  Lc  stm32f4xx_hal_i2c.o [1]
I2C_MasterReceive_RXNE  0x08003be5    0x84  Code  Lc  stm32f4xx_hal_i2c.o [1]
I2C_MasterRequestRead   0x080040cf    0xbc  Code  Lc  stm32f4xx_hal_i2c.o [1]
I2C_MasterRequestWrite  0x08004053    0x7c  Code  Lc  stm32f4xx_hal_i2c.o [1]
I2C_MasterTransmit_BTF  0x08003b4f    0x54  Code  Lc  stm32f4xx_hal_i2c.o [1]
I2C_MasterTransmit_TXE  0x08003a7b    0xd4  Code  Lc  stm32f4xx_hal_i2c.o [1]
I2C_Master_ADDR         0x08003d51   0x128  Code  Lc  stm32f4xx_hal_i2c.o [1]
I2C_Slave_STOPF         0x08003e7d    0xc4  Code  Lc  stm32f4xx_hal_i2c.o [1]
I2C_WaitOnBTFFlagUntilTimeout
                        0x0800434f    0x34  Code  Lc  stm32f4xx_hal_i2c.o [1]
I2C_WaitOnFlagUntilTimeout
                        0x08004239    0x5e  Code  Lc  stm32f4xx_hal_i2c.o [1]
I2C_WaitOnMasterAddressFlagUntilTimeout
                        0x08004297    0x84  Code  Lc  stm32f4xx_hal_i2c.o [1]
I2C_WaitOnRXNEFlagUntilTimeout
                        0x0800439f    0x4c  Code  Lc  stm32f4xx_hal_i2c.o [1]
I2C_WaitOnTXEFlagUntilTimeout
                        0x0800431b    0x34  Code  Lc  stm32f4xx_hal_i2c.o [1]
IMU_I                   0x20000120     0x4  Data  Gb  angle.o [1]
IMU_P                   0x2000011c     0x4  Data  Gb  angle.o [1]
IMU_Update              0x080076bd   0x2d0  Code  Gb  angle.o [1]
InStream_Read           0x08008c19    0x22  Code  Lc  packbits_init.o [5]
MPU9250                 0x200043bc    0x1c  Data  Gb  mpu9250.o [1]
MPU9250_Init            0x0800565b    0xee  Code  Gb  mpu9250.o [1]
MPU9250_Setting         0x200043fc     0xc  Data  Gb  mpu9250.o [1]
MPU_I2C_Reset           0x080057c5    0x14  Code  Lc  mpu9250.o [1]
MPU_Read6500            0x080055f5    0x66  Code  Gb  mpu9250.o [1]
MPU_Read_Buffer         0x08005795    0x2e  Code  Lc  mpu9250.o [1]
MPU_Write_Buffer        0x08005751    0x42  Code  Lc  mpu9250.o [1]
MX_ADC1_Init            0x080053b1    0x66  Code  Gb  adc.o [1]
MX_FREERTOS_Init        0x08005bb1    0x4c  Code  Gb  freertos.o [1]
MX_GPIO_Init            0x08005061    0x72  Code  Gb  gpio.o [1]
MX_I2C3_Init            0x08004415    0x38  Code  Gb  i2c.o [1]
MX_SPI2_Init            0x080052d1    0x42  Code  Gb  spi.o [1]
MX_TIM3_Init            0x08005495    0x90  Code  Gb  tim.o [1]
MX_USART2_UART_Init     0x080050e9    0x32  Code  Gb  usart.o [1]
MX_USART6_UART_Init     0x0800511b    0x30  Code  Gb  usart.o [1]
MemManage_Handler       0x08008d51     0x2  Code  Gb  stm32f4xx_it.o [1]
NMI_Handler             0x08008d4d     0x2  Code  Gb  stm32f4xx_it.o [1]
NRF24l01                0x2000439c    0x20  Data  Gb  nrf24l01.o [1]
NRF_Analize_Message     0x080058bd    0x36  Code  Lc  nrf24l01.o [1]
NRF_Init                0x080057f5    0x92  Code  Gb  nrf24l01.o [1]
NRF_RX_Data             0x2000014c     0xc  Data  Gb  nrf24l01.o [1]
NRF_Read_Write          0x080058a5    0x16  Code  Lc  nrf24l01.o [1]
NRF_Set_GPIO            0x08005889    0x1a  Code  Lc  nrf24l01.o [1]
NRF_TX_Data             0x20000140     0xc  Data  Gb  nrf24l01.o [1]
NVIC_GetPriorityGrouping
                        0x08004e91     0xa  Code  Lc  stm32f4xx_hal_cortex.o [1]
NVIC_SetPriority        0x08004e9b    0x1a  Code  Lc  stm32f4xx_hal_cortex.o [1]
PendSV_Handler          0x0800876d          Code  Gb  portasm.o [1]
PositionTaskHandle      0x200043f4     0x4  Data  Gb  freertos.o [1]
RX_ADDRESS              0x20000130     0x8  Data  Gb  nrf24l01.o [1]
Region$$Table$$Base     0x08008dd4           --   Gb  - Linker created -
Region$$Table$$Limit    0x08008e00           --   Gb  - Linker created -
SPI_CheckFlag_BSY       0x08007161    0x20  Code  Lc  stm32f4xx_hal_spi.o [1]
SPI_WaitFlagStateUntilTimeout
                        0x080070d1    0x90  Code  Lc  stm32f4xx_hal_spi.o [1]
SVC_Handler             0x080087c5          Code  Gb  portasm.o [1]
StartAnalizeUsartTask   0x08005c7b    0x24  Code  Gb  freertos.o [1]
StartDefaultTask        0x08005bfd     0xa  Code  Gb  freertos.o [1]
StartPositionTask       0x08005c07    0x74  Code  Gb  freertos.o [1]
SysTick_Handler         0x08008d59     0x4  Code  Gb  stm32f4xx_it.o [1]
SystemClock_Config      0x08004ae5    0xac  Code  Gb  main.o [1]
SystemCoreClock         0x20000164     0x4  Data  Gb  system_stm32f4xx.o [1]
SystemInit              0x08008ced    0x3a  Code  Gb  system_stm32f4xx.o [1]
TIM1_UP_TIM10_IRQHandler
                        0x08008d5d     0x6  Code  Gb  stm32f4xx_it.o [1]
TIM_Base_SetConfig      0x08005ff5    0x90  Code  Gb  stm32f4xx_hal_tim.o [1]
TIM_OC1_SetConfig       0x080060df    0x50  Code  Lc  stm32f4xx_hal_tim.o [1]
TIM_OC2_SetConfig       0x08006087    0x58  Code  Gb  stm32f4xx_hal_tim.o [1]
TIM_OC3_SetConfig       0x0800612f    0x56  Code  Lc  stm32f4xx_hal_tim.o [1]
TIM_OC4_SetConfig       0x08006185    0x46  Code  Lc  stm32f4xx_hal_tim.o [1]
TX_ADDRESS              0x20000138     0x8  Data  Gb  nrf24l01.o [1]
UART_DMAAbortOnError    0x08006551    0x10  Code  Lc  stm32f4xx_hal_uart.o [1]
UART_EndRxTransfer      0x08006531    0x1c  Code  Lc  stm32f4xx_hal_uart.o [1]
UART_Receive_IT         0x08006561    0x7e  Code  Lc  stm32f4xx_hal_uart.o [1]
UART_SetConfig          0x080065ed   0x18e  Code  Lc  stm32f4xx_hal_uart.o [1]
UART_WaitOnFlagUntilTimeout
                        0x080064d1    0x60  Code  Lc  stm32f4xx_hal_uart.o [1]
USART2_IRQHandler       0x08008d63     0x6  Code  Gb  stm32f4xx_it.o [1]
USART6_IRQHandler       0x08008d69     0x6  Code  Gb  stm32f4xx_it.o [1]
UsageFault_Handler      0x08008d55     0x2  Code  Gb  stm32f4xx_it.o [1]
_EncodingSb_Mbtowc      0x080032e3    0x30  Code  Gb  xencoding_sb.o [3]
_EncodingSb_Wctomb      0x080032c9    0x1a  Code  Gb  xencoding_sb.o [3]
_Error_Handler          0x08004bb5     0x2  Code  Gb  main.o [1]
_GenldFull              0x08002581   0x24a  Code  Lc  xprintffull.o [3]
_IsdstStr               0x2000008c     0x4  Data  Gb  setlocale.o [3]
_LdtobFull              0x080021f9   0x382  Code  Lc  xprintffull.o [3]
_LitobFull              0x0800209b   0x10c  Code  Lc  xprintffull.o [3]
_LocaleC_isalpha        0x08008be1    0x16  Code  Gb  xlocale_c.o [3]
_LocaleC_isspace        0x08008bf7    0x14  Code  Gb  xlocale_c.o [3]
_LocaleEncoding         0x080032b7     0xe  Code  Gb  setlocale.o [3]
_LocaleForCat           0x080032a5    0x12  Code  Gb  setlocale.o [3]
_LocaleReturnString     0x200000ac    0x50  Data  Lc  setlocale.o [3]
_Locale_Profile         0x20000090    0x1c  Data  Gb  setlocale.o [3]
_Locale_aeabi_lconv     0x20000050    0x38  Data  Gb  localeconv.o [3]
_Locale_lconv           0x20000000    0x50  Data  Gb  localeconv.o [3]
_Mbtowc                 0x08002813    0x20  Code  Gb  xmbtowc.o [3]
_PrintfFull             0x080016a5   0x67c  Code  Gb  xprintffull.o [3]
_PutcharsFull           0x080027cb    0x2e  Code  Lc  xprintffull.o [3]
_PutstrFull             0x08001d39   0x35c  Code  Lc  xprintffull.o [3]
_SNProut                0x08002833    0x1a  Code  Gb  xsnprout.o [3]
_Stoflt                 0x08007f35   0x1bc  Code  Gb  xstoflt.o [3]
_Stopfx                 0x08007dff   0x134  Code  Gb  xstopfx.o [3]
_Stoxflt                0x080082f1   0x1d4  Code  Gb  xstoxflt.o [3]
_TzoneStr               0x20000088     0x4  Data  Gb  setlocale.o [3]
_Wctomb                 0x080028ff    0x1a  Code  Gb  xwctomb.o [3]
__aeabi_cdcmpeq         0x0800883d          Code  Gb  DblCmpEq.o [4]
__aeabi_cdcmple         0x08002c65          Code  Gb  DblCmpLe.o [4]
__aeabi_cdrcmple        0x08002c95          Code  Gb  DblCmpGe.o [4]
__aeabi_d2f             0x080075f1          Code  Gb  DblToFlt.o [4]
__aeabi_d2iz            0x08002dd9          Code  Gb  DblToI32.o [4]
__aeabi_d2uiz           0x08002e05          Code  Gb  DblToI32.o [4]
__aeabi_dadd            0x0800332d          Code  Gb  DblAdd.o [4]
__aeabi_ddiv            0x08002fe1          Code  Gb  DblDiv.o [4]
__aeabi_dmul            0x08002a81          Code  Gb  DblMul.o [4]
__aeabi_dsub            0x08002e61          Code  Gb  DblSub.o [4]
__aeabi_errno_addr      0x080088b5     0x6  Code  Gb  errno.o [3]
__aeabi_f2d             0x080084f9          Code  Gb  FltToDbl.o [4]
__aeabi_i2d             0x08002e31          Code  Gb  I32ToDbl.o [4]
__aeabi_ldiv0           0x08003329          Code  Gb  I64DivZer.o [5]
__aeabi_ui2d            0x08002e45          Code  Gb  I32ToDbl.o [4]
__aeabi_uldivmod        0x08002991          Code  Gb  I64DivMod.o [5]
__cmain                 0x08008e1d          Code  Gb  cmain.o [5]
__data_GetMemChunk      0x08001665    0x2c  Code  Gb  xgetmemchunk.o [3]
__exit                  0x08001691    0x14  Code  Gb  exit.o [6]
__iar_Atan              0x080089b1   0x158  Code  Gb  xatan.o [4]
__iar_Dnorm             0x08002c23    0x42  Code  Gb  xdnorm.o [4]
__iar_Dscale            0x08002cc5   0x114  Code  Gb  xdscale.o [4]
__iar_Dtentox           0x0800814d   0x142  Code  Gb  xdtento.o [4]
__iar_Dtest             0x08008ba1    0x30  Code  Gb  xdtest.o [4]
__iar_Dunscale          0x0800885d    0x56  Code  Gb  xdunscal.o [4]
__iar_Errno             0x20000168     0x4  Data  Gb  errno.o [3]
__iar_Locale_lconv_init
                        0x08003229    0x3a  Code  Gb  localeconv.o [3]
__iar_Mbcurmax          0x080028f5     0xa  Code  Gb  xmbcurmax.o [3]
__iar_Memchr            0x0800289d          Code  Gb  memchr.o [5]
__iar_Stodx             0x0800747d   0x14e  Code  Gb  xstod.o [4]
__iar_Strchr            0x0800284d          Code  Gb  strchr.o [5]
__iar_d2uiz             0x08002e11          Code  Gb  DblToI32.o [4]
__iar_dadd              0x08003341          Code  Gb  DblAdd.o [4]
__iar_data_init3        0x08008dad    0x28  Code  Gb  data_init.o [5]
__iar_dlfree            0x08001121   0x512  Code  Gb  dlmalloc.o [3]
__iar_dlib_perthread_access
                        0x08003415     0x2  Code  Gb  xtls.o [3]
__iar_dlmalloc          0x08000e6d   0x2a8  Code  Gb  dlmalloc.o [3]
__iar_dsub              0x08002e75          Code  Gb  DblSub.o [4]
__iar_dsubStart         0x08002e87          Code  Gb  DblSub.o [4]
__iar_edom              0x08008c0d          Code  Gb  iarEdom.o [5]
__iar_gm_               0x20003d84   0x1d8  Data  Gb  dlmalloc.o [3]
__iar_init_vfp          0x08008e01          Code  Gb  fpinit_M.o [4]
__iar_packbits_init3    0x08008c3b    0xb2  Code  Gb  packbits_init.o [5]
__iar_program_start     0x08008e5d          Code  Gb  cstartup_M.o [5]
__iar_sqrt              0x080088c1          Code  Gb  sqrt.o [4]
__iar_ui2d              0x08002e49          Code  Gb  I32ToDbl.o [4]
__iar_unaligned___aeabi_memcpy
                        0x08002919          Code  Gb  ABImemcpy_unaligned.o [5]
__iar_unaligned___aeabi_memcpy4
                        0x08002939          Code  Gb  ABImemcpy_unaligned.o [5]
__iar_unaligned___aeabi_memcpy8
                        0x08002939          Code  Gb  ABImemcpy_unaligned.o [5]
__iar_vfp___iar_Stod    0x080075e1     0x4  Code  Gb  xstod.o [4]
__iar_vfp_asin          0x08008669    0x10  Code  Gb  asin.o [4]
__iar_vfp_atan2         0x08008759    0x14  Code  Gb  atan2.o [4]
__iar_zero_init3        0x08001643    0x22  Code  Gb  zero_init3.o [5]
__low_level_init        0x08008e37     0x4  Code  Gb  low_level_init.o [3]
__vector_table          0x08000000          Data  Gb  startup_stm32f405xx.o [1]
_call_main              0x08008e29          Code  Gb  cmain.o [5]
_exit                   0x08008e41          Code  Gb  cexit.o [5]
_main                   0x08008e33          Code  Gb  cmain.o [5]
a                       0x08008b60    0x40  Data  Lc  xatan.o [4]
abort                   0x0800163d     0x6  Code  Gb  abort.o [3]
add_cmd                 0x08005b09    0x1c  Code  Gb  command.o [1]
analize                 0x08005b25    0x5c  Code  Gb  command.o [1]
arm_sqrt_f32            0x08007681    0x20  Code  Lc  angle.o [1]
asin                    0x08008549   0x11a  Code  Gb  asin.o [4]
atan2                   0x08008679    0xd0  Code  Gb  atan2.o [4]
buffer_rx               0x20003f60    0x14  Data  Gb  usart.o [1]
buffer_rx_count         0x20003fb4     0x4  Data  Gb  usart.o [1]
buffer_rx_temp          0x20003f5c     0x1  Data  Gb  usart.o [1]
command_init            0x08005a59     0xa  Code  Gb  command.o [1]
defaultTaskHandle       0x200043f0     0x4  Data  Gb  freertos.o [1]
div                     0x08003295     0xe  Code  Gb  div.o [3]
dmul                    0x080080f1    0x5a  Code  Lc  xdtento.o [4]
ex                      0x20000124     0x4  Data  Gb  angle.o [1]
exInt                   0x20000110     0x4  Data  Gb  angle.o [1]
exit                    0x08008e3b     0x4  Code  Gb  exit.o [3]
ey                      0x20000128     0x4  Data  Gb  angle.o [1]
eyInt                   0x20000114     0x4  Data  Gb  angle.o [1]
ez                      0x2000012c     0x4  Data  Gb  angle.o [1]
ezInt                   0x20000118     0x4  Data  Gb  angle.o [1]
get_float               0x08005a6d    0x9c  Code  Lc  command.o [1]
hadc1                   0x2000429c    0x48  Data  Gb  adc.o [1]
hi2c3                   0x20004248    0x54  Data  Gb  i2c.o [1]
hspi2                   0x200041f0    0x58  Data  Gb  spi.o [1]
htim10                  0x20004324    0x3c  Data  Gb  stm32f4xx_hal_timebase_TIM.o [1]
htim3                   0x20004360    0x3c  Data  Gb  tim.o [1]
huart2                  0x20003f74    0x40  Data  Gb  usart.o [1]
huart6                  0x200042e4    0x40  Data  Gb  usart.o [1]
init_mparams            0x080001a3    0x34  Code  Lc  dlmalloc.o [3]
init_top                0x080001d7    0x34  Code  Lc  dlmalloc.o [3]
isalpha                 0x08008815    0x14  Code  Gb  isxxx.o [3]
isspace                 0x08008829    0x14  Code  Gb  isxxx.o [3]
localeconv              0x08003263    0x16  Code  Gb  localeconv.o [3]
main                    0x08004aa5    0x40  Code  Gb  main.o [1]
makeFreeRtosPriority    0x08005cf1     0xc  Code  Lc  cmsis_os.o [1]
memchr                  0x0800289d          Code  Gb  memchr.o [5]
mparams                 0x200043d8    0x18  Data  Lc  dlmalloc.o [3]
mpu_error_deal          0x08007463    0x1a  Code  Gb  mpu9250.o [1]
mpu_write_byte          0x080055d9    0x1c  Code  Lc  mpu9250.o [1]
nrf_command             0x20004408     0x2  Data  Gb  nrf24l01.o [1]
nrf_direction           0x2000440c     0x2  Data  Gb  nrf24l01.o [1]
nrf_pitch               0x2000440e     0x2  Data  Gb  nrf24l01.o [1]
nrf_read_reg            0x08005a1f    0x2a  Code  Lc  nrf24l01.o [1]
nrf_roll                0x20004410     0x2  Data  Gb  nrf24l01.o [1]
nrf_thrust              0x2000440a     0x2  Data  Gb  nrf24l01.o [1]
nrf_write_bytes         0x0800597b    0x96  Code  Lc  nrf24l01.o [1]
nrf_write_reg           0x08005917    0x40  Code  Lc  nrf24l01.o [1]
osDelay                 0x08005d35     0xe  Code  Gb  cmsis_os.o [1]
osDelayUntil            0x08005d57     0xe  Code  Gb  cmsis_os.o [1]
osKernelStart           0x08005cfd     0xa  Code  Gb  cmsis_os.o [1]
osSystickHandler        0x08005d43    0x14  Code  Gb  cmsis_os.o [1]
osThreadCreate          0x08005d07    0x2e  Code  Gb  cmsis_os.o [1]
pows                    0x080082a8    0x48  Data  Lc  xdtento.o [4]
prepend_alloc           0x0800020b   0x33c  Code  Lc  dlmalloc.o [3]
prvAddCurrentTaskToDelayedList
                        0x08006e09    0x64  Code  Lc  tasks.o [1]
prvAddNewTaskToReadyList
                        0x08006893    0xbe  Code  Lc  tasks.o [1]
prvDeleteTCB            0x08006ca3    0x14  Code  Lc  tasks.o [1]
prvIdleTask             0x08006c51    0x52  Code  Lc  tasks.o [1]
prvInitialiseNewTask    0x0800681d    0x76  Code  Lc  tasks.o [1]
prvInsertBlockIntoFreeList
                        0x08007d25    0x46  Code  Lc  heap_4.o [1]
prvResetNextTaskUnblockTime
                        0x08006cb7    0x1c  Code  Lc  tasks.o [1]
prvTaskExitError        0x080079fd    0x28  Code  Lc  port.o [1]
pvPortMalloc            0x08007bc1   0x102  Code  Gb  heap_4.o [1]
pxCurrentTCB            0x200040ec     0x4  Data  Gb  tasks.o [1]
pxDelayedTaskList       0x200040f0     0x4  Data  Lc  tasks.o [1]
pxEnd                   0x20000174     0x4  Data  Lc  heap_4.o [1]
pxOverflowDelayedTaskList
                        0x200040f4     0x4  Data  Lc  tasks.o [1]
pxPortInitialiseStack   0x080079d5    0x28  Code  Gb  port.o [1]
pxReadyTasksLists       0x20004164    0x8c  Data  Lc  tasks.o [1]
q0                      0x20000100     0x4  Data  Gb  angle.o [1]
q1                      0x20000104     0x4  Data  Gb  angle.o [1]
q2                      0x20000108     0x4  Data  Gb  angle.o [1]
q3                      0x2000010c     0x4  Data  Gb  angle.o [1]
scale                   0x080021ad    0x46  Code  Lc  xprintffull.o [3]
segment_holding         0x08000189    0x1a  Code  Lc  dlmalloc.o [3]
sqrt                    0x080088c1          Code  Gb  sqrt.o [4]
sqrtl                   0x080088c1          Code  Gb  sqrt.o [4]
strchr                  0x0800284d          Code  Gb  strchr.o [5]
strlen                  0x08002865          Code  Gb  strlen.o [5]
sys_alloc               0x08000547   0x37e  Code  Lc  dlmalloc.o [3]
test                    0x08005a65     0x8  Code  Lc  command.o [1]
tmalloc_large           0x080008d1   0x38a  Code  Lc  dlmalloc.o [3]
tmalloc_small           0x08000c5b   0x204  Code  Lc  dlmalloc.o [3]
uart_buffer             0x20003fb8    0x68  Data  Gb  usart.o [1]
ucHeap                  0x20000184  0x3c00  Data  Lc  heap_4.o [1]
ucMaxSysCallPriority    0x20000158     0x1  Data  Lc  port.o [1]
ulMaxPRIGROUPValue      0x20000160     0x4  Data  Lc  port.o [1]
ulTaskNotifyTake        0x08006cf1    0x52  Code  Gb  tasks.o [1]
uprintf                 0x080051f9    0x2c  Code  Gb  usart.o [1]
uwTick                  0x20004414     0x4  Data  Gb  stm32f4xx_hal.o [1]
uxCriticalNesting       0x2000015c     0x4  Data  Lc  port.o [1]
uxCurrentNumberOfTasks  0x20004110     0x4  Data  Lc  tasks.o [1]
uxDeletedTasksWaitingCleanUp
                        0x200040f8     0x4  Data  Lc  tasks.o [1]
uxListRemove            0x08007ddb    0x24  Code  Gb  list.o [1]
uxPendedTicks           0x20004120     0x4  Data  Lc  tasks.o [1]
uxSchedulerSuspended    0x20004134     0x4  Data  Lc  tasks.o [1]
uxTaskNumber            0x2000412c     0x4  Data  Lc  tasks.o [1]
uxTopReadyPriority      0x20004118     0x4  Data  Lc  tasks.o [1]
vListInitialise         0x08007d71    0x1a  Code  Gb  list.o [1]
vListInitialiseItem     0x08007d8b     0x6  Code  Gb  list.o [1]
vListInsert             0x08007da9    0x32  Code  Gb  list.o [1]
vListInsertEnd          0x08007d91    0x18  Code  Gb  list.o [1]
vPortEnableVFP          0x080087f9          Code  Gb  portasm.o [1]
vPortEnterCritical      0x08007abd    0x32  Code  Gb  port.o [1]
vPortExitCritical       0x08007aef    0x24  Code  Gb  port.o [1]
vPortFree               0x08007cd1    0x46  Code  Gb  heap_4.o [1]
vPortSetupTimerInterrupt
                        0x08007b39    0x18  Code  Wk  port.o [1]
vPortStartFirstTask     0x080087e1          Code  Gb  portasm.o [1]
vPortValidateInterruptPriority
                        0x08007b51    0x42  Code  Gb  port.o [1]
vTaskDelay              0x080069ab    0x3a  Code  Gb  tasks.o [1]
vTaskDelayUntil         0x08006951    0x5a  Code  Gb  tasks.o [1]
vTaskNotifyGiveFromISR  0x08006d79    0x90  Code  Gb  tasks.o [1]
vTaskStartScheduler     0x080069ff    0x56  Code  Gb  tasks.o [1]
vTaskSuspendAll         0x08006a55     0xc  Code  Gb  tasks.o [1]
vTaskSwitchContext      0x08006ba9    0x4e  Code  Gb  tasks.o [1]
vsnprintf               0x08006789    0x3c  Code  Gb  vsnprint.o [3]
xBlockAllocatedBit      0x20000180     0x4  Data  Lc  heap_4.o [1]
xDelayedTaskList1       0x20004138    0x14  Data  Lc  tasks.o [1]
xDelayedTaskList2       0x2000414c    0x14  Data  Lc  tasks.o [1]
xFreeBytesRemaining     0x20000178     0x4  Data  Lc  heap_4.o [1]
xIdleTaskHandle         0x20004160     0x4  Data  Lc  tasks.o [1]
xMinimumEverFreeBytesRemaining
                        0x2000017c     0x4  Data  Lc  heap_4.o [1]
xNextTaskUnblockTime    0x20004130     0x4  Data  Lc  tasks.o [1]
xNumOfOverflows         0x20004128     0x4  Data  Lc  tasks.o [1]
xPendingReadyList       0x200040c4    0x14  Data  Lc  tasks.o [1]
xPortStartScheduler     0x08007a25    0x84  Code  Gb  port.o [1]
xPortSysTickHandler     0x08007b13    0x26  Code  Gb  port.o [1]
xSchedulerRunning       0x2000411c     0x4  Data  Lc  tasks.o [1]
xStart                  0x2000016c     0x8  Data  Lc  heap_4.o [1]
xSuspendedTaskList      0x200040fc    0x14  Data  Lc  tasks.o [1]
xTaskCreate             0x080067c5    0x58  Code  Gb  tasks.o [1]
xTaskGetSchedulerState  0x08006cd3    0x18  Code  Gb  tasks.o [1]
xTaskIncrementTick      0x08006aef    0xba  Code  Gb  tasks.o [1]
xTaskResumeAll          0x08006a61    0x8e  Code  Gb  tasks.o [1]
xTasksWaitingTermination
                        0x200040d8    0x14  Data  Lc  tasks.o [1]
xTickCount              0x20004114     0x4  Data  Lc  tasks.o [1]
xYieldPending           0x20004124     0x4  Data  Lc  tasks.o [1]
yaw                     0x200000fc     0x4  Data  Gb  angle.o [1]


[1] = C:\Users\ncer\Desktop\ËÄÖá·ÉÐÐÆ÷\EWARM\aa\Obj
[2] = command line
[3] = dl7M_tlf.a
[4] = m7M_tlv.a
[5] = rt7M_tl.a
[6] = shb_l.a

  36 668 bytes of readonly  code memory
     155 bytes of readonly  data memory
  18 972 bytes of readwrite data memory

Errors: none
Warnings: none
